// Jest Snapshot v1, https://goo.gl/fbAQLP

exports[`Popup should match snapshot 1`] = `
<div class="popup">
  <div class="popup__trigger"></div>
  <div class="popup__content" style="display: none;">
    <!--v-if-->
    <!--v-if-->
    <!--v-if-->
  </div>
</div>
`;
