// Jest Snapshot v1, https://goo.gl/fbAQLP

exports[`Input should match snapshot 1`] = `<label class="c-input__label"> <input class="c-input"></label>`;
